Copyright 1986-2022 Xilinx, Inc. All Rights Reserved. Copyright 2022-2023 Advanced Micro Devices, Inc. All Rights Reserved.
---------------------------------------------------------------------------------------------------------------------------------------------
| Tool Version : Vivado v.2023.2 (win64) Build 4029153 Fri Oct 13 20:14:34 MDT 2023
| Date         : Thu May  9 21:48:10 2024
| Host         : LAPTOP-7GF0693T running 64-bit major release  (build 9200)
| Command      : report_control_sets -verbose -file project_control_sets_placed.rpt
| Design       : project
| Device       : xc7z020
---------------------------------------------------------------------------------------------------------------------------------------------

Control Set Information

Table of Contents
-----------------
1. Summary
2. Histogram
3. Flip-Flop Distribution
4. Detailed Control Set Information

1. Summary
----------

+----------------------------------------------------------+-------+
|                          Status                          | Count |
+----------------------------------------------------------+-------+
| Total control sets                                       |   149 |
|    Minimum number of control sets                        |   149 |
|    Addition due to synthesis replication                 |     0 |
|    Addition due to physical synthesis replication        |     0 |
| Unused register locations in slices containing registers |    35 |
+----------------------------------------------------------+-------+
* Control sets can be merged at opt_design using control_set_merge or merge_equivalent_drivers
** Run report_qor_suggestions for automated merging and remapping suggestions


2. Histogram
------------

+--------------------+-------+
|       Fanout       | Count |
+--------------------+-------+
| Total control sets |   149 |
| >= 0 to < 4        |     2 |
| >= 4 to < 6        |     2 |
| >= 6 to < 8        |     0 |
| >= 8 to < 10       |     5 |
| >= 10 to < 12      |     0 |
| >= 12 to < 14      |     0 |
| >= 14 to < 16      |     0 |
| >= 16              |   140 |
+--------------------+-------+
* Control sets can be remapped at either synth_design or opt_design


3. Flip-Flop Distribution
-------------------------

+--------------+-----------------------+------------------------+-----------------+--------------+
| Clock Enable | Synchronous Set/Reset | Asynchronous Set/Reset | Total Registers | Total Slices |
+--------------+-----------------------+------------------------+-----------------+--------------+
| No           | No                    | No                     |              29 |           17 |
| No           | No                    | Yes                    |               0 |            0 |
| No           | Yes                   | No                     |             136 |           39 |
| Yes          | No                    | No                     |             145 |           42 |
| Yes          | No                    | Yes                    |               0 |            0 |
| Yes          | Yes                   | No                     |            4295 |         2059 |
+--------------+-----------------------+------------------------+-----------------+--------------+


4. Detailed Control Set Information
-----------------------------------

+------------------------------------+----------------------------------------------------------+-------------------------------------------------+------------------+----------------+--------------+
|            Clock Signal            |                       Enable Signal                      |                 Set/Reset Signal                | Slice Load Count | Bel Load Count | Bels / Slice |
+------------------------------------+----------------------------------------------------------+-------------------------------------------------+------------------+----------------+--------------+
|  comp_ssd_ctrl/comp_clk100Hz/pulse |                                                          |                                                 |                1 |              1 |         1.00 |
|  clk_IBUF_BUFG                     | joystick_test/spi_master_0/FSM_sequential_state_reg[2]   |                                                 |                1 |              1 |         1.00 |
|  clk10Hz_BUFG                      |                                                          |                                                 |                3 |              4 |         1.33 |
|  clk_IBUF_BUFG                     | joystick_test/spi_master_0/clk_toggles[4]_i_1_n_0        | joystick_test/spi_master_0/count[31]_i_1__1_n_0 |                2 |              5 |         2.50 |
|  vga_display/red_reg[3]_i_2_n_0    |                                                          | vga_display/red_reg[3]_i_3_n_0                  |                3 |              8 |         2.67 |
|  clk_IBUF_BUFG                     | joystick_test/spi_master_0/byte_reg[2]                   |                                                 |                2 |              8 |         4.00 |
|  clk_IBUF_BUFG                     | joystick_test/spi_master_0/FSM_sequential_state_reg[2]_1 |                                                 |                2 |              8 |         4.00 |
|  clk_IBUF_BUFG                     | joystick_test/spi_master_0/rx_data[7]_i_1_n_0            |                                                 |                3 |              8 |         2.67 |
|  clk_IBUF_BUFG                     | joystick_test/spi_master_0/rx_buffer[7]_i_1_n_0          |                                                 |                2 |              8 |         4.00 |
|  clk_IBUF_BUFG                     | joystick_test/x_position[7]_i_1_n_0                      |                                                 |                4 |             17 |         4.25 |
|  clk_IBUF_BUFG                     |                                                          |                                                 |               13 |             24 |         1.85 |
|  clk_IBUF_BUFG                     | joystick_test/spi_master_0/state_reg_1                   |                                                 |                8 |             24 |         3.00 |
|  clk_IBUF_BUFG                     | joystick_test/spi_master_0/count[31]_i_2_n_0             | joystick_test/spi_master_0/count[31]_i_1__1_n_0 |                5 |             29 |         5.80 |
|  clk10Hz_BUFG                      | joystick_test/MOVE_Y_reg[0]_1[0]                         | joystick_test/TURN_reg_23[0]                    |                9 |             32 |         3.56 |
|  clk10Hz_BUFG                      | joystick_test/E[0]                                       | joystick_test/CHOSEN_Y_reg[17]_0[0]             |               13 |             32 |         2.46 |
|  clk10Hz_BUFG                      | joystick_test/MOVE_Y_reg[0]_12[0]                        | joystick_test/MOVE_X_reg[2]_12[0]               |               16 |             32 |         2.00 |
|  clk10Hz_BUFG                      | joystick_test/MOVE_Y_reg[0]_13[0]                        | joystick_test/TURN_reg_20[0]                    |               13 |             32 |         2.46 |
|  clk10Hz_BUFG                      | joystick_test/MOVE_Y_reg[2]_rep_31[0]                    | joystick_test/SELECTED_PIECE_reg_39[0]          |               14 |             32 |         2.29 |
|  clk10Hz_BUFG                      | joystick_test/MOVE_Y_reg[2]_rep_33[0]                    | joystick_test/SELECTED_PIECE_reg_48[0]          |               16 |             32 |         2.00 |
|  clk10Hz_BUFG                      | joystick_test/MOVE_Y_reg[2]_rep_1[0]                     | joystick_test/CHOSEN_Y_reg[29][0]               |               21 |             32 |         1.52 |
|  clk10Hz_BUFG                      | joystick_test/MOVE_Y_reg[2]_rep_34[0]                    | joystick_test/SELECTED_PIECE_reg_71[0]          |               14 |             32 |         2.29 |
|  clk10Hz_BUFG                      | joystick_test/MOVE_Y_reg[0]_17[0]                        | joystick_test/SELECTED_PIECE_reg_66[0]          |               13 |             32 |         2.46 |
|  clk10Hz_BUFG                      | joystick_test/MOVE_Y_reg[2]_rep_22[0]                    | joystick_test/SELECTED_PIECE_reg_42[0]          |               11 |             32 |         2.91 |
|  clk10Hz_BUFG                      | joystick_test/MOVE_Y_reg[2]_rep[0]                       | joystick_test/CHOSEN_Y_reg[17]_1[0]             |               12 |             32 |         2.67 |
|  clk10Hz_BUFG                      | joystick_test/MOVE_Y_reg[0]_5[0]                         | joystick_test/TURN_reg_22[0]                    |               20 |             32 |         1.60 |
|  clk10Hz_BUFG                      | joystick_test/MOVE_Y_reg[2]_rep_27[0]                    | joystick_test/SELECTED_PIECE_reg_67[0]          |                9 |             32 |         3.56 |
|  clk10Hz_BUFG                      | joystick_test/MOVE_Y_reg[2]_rep_16[0]                    | joystick_test/TURN_reg_13[0]                    |               20 |             32 |         1.60 |
|  clk10Hz_BUFG                      | joystick_test/MOVE_Y_reg[2]_rep_12[0]                    | joystick_test/MOVE_X_reg[2]_4[0]                |               12 |             32 |         2.67 |
|  clk10Hz_BUFG                      | joystick_test/MOVE_Y_reg[2]_rep_35[0]                    | joystick_test/SELECTED_PIECE_reg_47[0]          |               16 |             32 |         2.00 |
|  clk10Hz_BUFG                      | joystick_test/MOVE_Y_reg[2]_rep_21[0]                    | joystick_test/TURN_reg_7[0]                     |               15 |             32 |         2.13 |
|  clk10Hz_BUFG                      | joystick_test/MOVE_Y_reg[2]_rep_36[0]                    | joystick_test/SELECTED_PIECE_reg_36[0]          |               17 |             32 |         1.88 |
|  clk10Hz_BUFG                      | joystick_test/MOVE_Y_reg[2]_rep_38[0]                    | joystick_test/TURN_reg_9[0]                     |               13 |             32 |         2.46 |
|  clk10Hz_BUFG                      | joystick_test/MOVE_Y_reg[2]_rep_39[0]                    | joystick_test/TURN_reg_42[0]                    |               18 |             32 |         1.78 |
|  clk10Hz_BUFG                      | joystick_test/MOVE_Y_reg[2]_rep_4[0]                     | joystick_test/TURN_reg_18[0]                    |               15 |             32 |         2.13 |
|  clk10Hz_BUFG                      | joystick_test/MOVE_Y_reg[2]_rep_18[0]                    | joystick_test/TURN_reg_10[0]                    |               22 |             32 |         1.45 |
|  clk10Hz_BUFG                      | joystick_test/MOVE_Y_reg[1]_2[0]                         | joystick_test/TURN_reg_8[0]                     |               16 |             32 |         2.00 |
|  clk10Hz_BUFG                      | joystick_test/MOVE_Y_reg[2]_rep_24[0]                    | joystick_test/MOVE_X_reg[2]_14[0]               |               15 |             32 |         2.13 |
|  clk10Hz_BUFG                      | joystick_test/MOVE_Y_reg[2]_rep_37[0]                    | joystick_test/MOVE_X_reg[2]_10[0]               |               13 |             32 |         2.46 |
|  clk10Hz_BUFG                      | joystick_test/MOVE_Y_reg[2]_rep_40[0]                    | joystick_test/SELECTED_PIECE_reg_63[0]          |               21 |             32 |         1.52 |
|  clk10Hz_BUFG                      | joystick_test/MOVE_Y_reg[2]_rep_10[0]                    | joystick_test/MOVE_X_reg[2]_2[0]                |               18 |             32 |         1.78 |
|  clk10Hz_BUFG                      | joystick_test/MOVE_Y_reg[2]_rep_41[0]                    | joystick_test/SELECTED_PIECE_reg_46[0]          |               16 |             32 |         2.00 |
|  clk10Hz_BUFG                      | joystick_test/MOVE_Y_reg[2]_rep_42[0]                    | joystick_test/SELECTED_PIECE_reg_64[0]          |               13 |             32 |         2.46 |
|  clk10Hz_BUFG                      | joystick_test/MOVE_Y_reg[2]_rep_30[0]                    | joystick_test/SELECTED_PIECE_reg_73[0]          |               17 |             32 |         1.88 |
|  clk10Hz_BUFG                      | joystick_test/MOVE_Y_reg[2]_rep_43[0]                    | joystick_test/MOVE_X_reg[2]_16[0]               |               16 |             32 |         2.00 |
|  clk10Hz_BUFG                      | joystick_test/MOVE_Y_reg[2]_rep_13[0]                    | joystick_test/SELECTED_PIECE_reg_58[0]          |               14 |             32 |         2.29 |
|  clk10Hz_BUFG                      | joystick_test/MOVE_Y_reg[2]_rep_32[0]                    | joystick_test/SELECTED_PIECE_reg_72[0]          |               20 |             32 |         1.60 |
|  clk10Hz_BUFG                      | joystick_test/MOVE_Y_reg[2]_rep_25[0]                    | joystick_test/MOVE_X_reg[2]_7[0]                |               13 |             32 |         2.46 |
|  clk10Hz_BUFG                      | joystick_test/MOVE_Y_reg[0]_2[0]                         | joystick_test/TURN_reg_49[0]                    |               18 |             32 |         1.78 |
|  clk10Hz_BUFG                      | joystick_test/MOVE_Y_reg[0]_6[0]                         | joystick_test/TURN_reg_50[0]                    |               17 |             32 |         1.88 |
|  clk10Hz_BUFG                      | joystick_test/MOVE_Y_reg[0]_28[0]                        | joystick_test/TURN_reg_51[0]                    |               15 |             32 |         2.13 |
|  clk10Hz_BUFG                      | joystick_test/MOVE_Y_reg[2]_rep_0[0]                     | joystick_test/CHOSEN_Y_reg[0]_3[0]              |               18 |             32 |         1.78 |
|  clk10Hz_BUFG                      | joystick_test/MOVE_Y_reg[2]_rep_15[0]                    | joystick_test/SELECTED_PIECE_reg_60[0]          |               12 |             32 |         2.67 |
|  clk10Hz_BUFG                      | joystick_test/MOVE_Y_reg[2]_rep_17[0]                    | joystick_test/TURN_reg_5[0]                     |               15 |             32 |         2.13 |
|  clk10Hz_BUFG                      | joystick_test/MOVE_Y_reg[0]_25[0]                        | joystick_test/CHOSEN_Y_reg[0][0]                |               11 |             32 |         2.91 |
|  clk10Hz_BUFG                      | joystick_test/MOVE_Y_reg[0]_9[0]                         | joystick_test/SELECTED_PIECE_reg_41[0]          |               17 |             32 |         1.88 |
|  clk10Hz_BUFG                      | joystick_test/MOVE_Y_reg[0]_4[0]                         | joystick_test/SELECTED_PIECE_reg_56[0]          |               18 |             32 |         1.78 |
|  clk10Hz_BUFG                      | joystick_test/MOVE_Y_reg[0]_26[0]                        | joystick_test/CHOSEN_Y_reg[0]_0[0]              |               16 |             32 |         2.00 |
|  clk10Hz_BUFG                      | joystick_test/MOVE_Y_reg[0]_8[0]                         | joystick_test/SELECTED_PIECE_reg_55[0]          |               11 |             32 |         2.91 |
|  clk10Hz_BUFG                      | joystick_test/MOVE_Y_reg[0]_21[0]                        | joystick_test/SELECTED_PIECE_reg_59[0]          |               11 |             32 |         2.91 |
|  clk10Hz_BUFG                      | joystick_test/MOVE_Y_reg[0]_7[0]                         | joystick_test/SELECTED_PIECE_reg_52[0]          |               14 |             32 |         2.29 |
|  clk10Hz_BUFG                      | joystick_test/MOVE_Y_reg[1][0]                           | joystick_test/TURN_reg_53[0]                    |               18 |             32 |         1.78 |
|  clk10Hz_BUFG                      | joystick_test/MOVE_Y_reg[0]_20[0]                        | joystick_test/TURN_reg_11[0]                    |               19 |             32 |         1.68 |
|  clk10Hz_BUFG                      | joystick_test/MOVE_Y_reg[0]_23[0]                        | joystick_test/TURN_reg_4[0]                     |               15 |             32 |         2.13 |
|  clk10Hz_BUFG                      | joystick_test/MOVE_Y_reg[0]_3[0]                         | joystick_test/SELECTED_PIECE_reg_34[0]          |               18 |             32 |         1.78 |
|  clk10Hz_BUFG                      | joystick_test/MOVE_Y_reg[1]_0[0]                         | joystick_test/TURN_reg_34[0]                    |               14 |             32 |         2.29 |
|  clk10Hz_BUFG                      | joystick_test/MOVE_Y_reg[0]_22[0]                        | joystick_test/SELECTED_PIECE_reg_31[0]          |               17 |             32 |         1.88 |
|  clk10Hz_BUFG                      | joystick_test/MOVE_Y_reg[0]_27[0]                        | joystick_test/SELECTED_PIECE_reg_35[0]          |               18 |             32 |         1.78 |
|  clk10Hz_BUFG                      | joystick_test/MOVE_Y_reg[1]_1[0]                         | joystick_test/SR[0]                             |               16 |             32 |         2.00 |
|  clk10Hz_BUFG                      | joystick_test/MOVE_Y_reg[2]_rep_11[0]                    | joystick_test/MOVE_X_reg[2][0]                  |               15 |             32 |         2.13 |
|  clk10Hz_BUFG                      | joystick_test/MOVE_Y_reg[2]_rep_14[0]                    | joystick_test/MOVE_X_reg[2]_5[0]                |               13 |             32 |         2.46 |
|  clk10Hz_BUFG                      | joystick_test/MOVE_Y_reg[0]_19[0]                        | joystick_test/TURN_reg_6[0]                     |               13 |             32 |         2.46 |
|  clk10Hz_BUFG                      | joystick_test/MOVE_Y_reg[2]_rep_20[0]                    | joystick_test/TURN_reg_12[0]                    |               15 |             32 |         2.13 |
|  clk10Hz_BUFG                      | joystick_test/MOVE_Y_reg[2]_rep_23[0]                    | joystick_test/SELECTED_PIECE_reg_65[0]          |               10 |             32 |         3.20 |
|  clk10Hz_BUFG                      | joystick_test/MOVE_Y_reg[2]_rep_26[0]                    | joystick_test/MOVE_X_reg[2]_9[0]                |               15 |             32 |         2.13 |
|  clk10Hz_BUFG                      | joystick_test/MOVE_Y_reg[0]_18[0]                        | joystick_test/SELECTED_PIECE_reg_38[0]          |               15 |             32 |         2.13 |
|  clk10Hz_BUFG                      | joystick_test/MOVE_Y_reg[2]_rep_19[0]                    | joystick_test/SELECTED_PIECE_reg_0[0]           |               15 |             32 |         2.13 |
|  clk10Hz_BUFG                      | joystick_test/MOVE_Y_reg[2]_rep_28[0]                    | joystick_test/SELECTED_PIECE_reg_53[0]          |               15 |             32 |         2.13 |
|  clk10Hz_BUFG                      | joystick_test/MOVE_Y_reg[2]_rep_29[0]                    | joystick_test/MOVE_X_reg[2]_0[0]                |               15 |             32 |         2.13 |
|  clk10Hz_BUFG                      | joystick_test/MOVE_Y_reg[2]_rep_3[0]                     | joystick_test/CHOSEN_Y_reg[2]_rep__18[0]        |               15 |             32 |         2.13 |
|  clk10Hz_BUFG                      | joystick_test/MOVE_Y_reg[0]_24[0]                        | joystick_test/TURN_reg_16[0]                    |               13 |             32 |         2.46 |
|  clk10Hz_BUFG                      | joystick_test/MOVE_Y_reg[2]_rep_2[0]                     | joystick_test/CHOSEN_Y_reg[29]_1[0]             |               22 |             32 |         1.45 |
|  clk10Hz_BUFG                      | joystick_test/MOVE_Y_reg[2]_rep_51[0]                    | joystick_test/CHOSEN_Y_reg[0]_6[0]              |               17 |             32 |         1.88 |
|  clk10Hz_BUFG                      | joystick_test/SELECTED_PIECE_reg_10[0]                   | joystick_test/MOVE_X_reg[2]_3[0]                |               16 |             32 |         2.00 |
|  clk10Hz_BUFG                      | joystick_test/SELECTED_PIECE_reg_1[0]                    | joystick_test/CHOSEN_Y_reg[2]_rep__18_0[0]      |               20 |             32 |         1.60 |
|  clk10Hz_BUFG                      | joystick_test/SELECTED_PIECE_reg_11[0]                   | joystick_test/SELECTED_PIECE_reg_33[0]          |               17 |             32 |         1.88 |
|  clk10Hz_BUFG                      | joystick_test/SELECTED_PIECE_reg_12[0]                   | joystick_test/MOVE_X_reg[2]_1[0]                |               14 |             32 |         2.29 |
|  clk10Hz_BUFG                      | joystick_test/SELECTED_PIECE_reg_14[0]                   | joystick_test/TURN_reg_52[0]                    |               20 |             32 |         1.60 |
|  clk10Hz_BUFG                      | joystick_test/MOVE_Y_reg[2]_rep_8[0]                     | joystick_test/TURN_reg_15[0]                    |               12 |             32 |         2.67 |
|  clk10Hz_BUFG                      | joystick_test/MOVE_Y_reg[2]_rep_6[0]                     | joystick_test/TURN_reg_2[0]                     |               18 |             32 |         1.78 |
|  clk10Hz_BUFG                      | joystick_test/SELECTED_PIECE_reg_15[0]                   | joystick_test/TURN_reg_32[0]                    |               23 |             32 |         1.39 |
|  clk10Hz_BUFG                      | joystick_test/SELECTED_PIECE_reg_16[0]                   | joystick_test/TURN_reg_45[0]                    |               10 |             32 |         3.20 |
|  clk10Hz_BUFG                      | joystick_test/MOVE_Y_reg[2]_rep_9[0]                     | joystick_test/CHOSEN_Y_reg[17][0]               |               11 |             32 |         2.91 |
|  clk10Hz_BUFG                      | joystick_test/MOVE_Y_reg[2]_rep_7[0]                     | joystick_test/TURN_reg_17[0]                    |               10 |             32 |         3.20 |
|  clk10Hz_BUFG                      | joystick_test/SELECTED_PIECE_reg_13[0]                   | joystick_test/TURN_reg_31[0]                    |               24 |             32 |         1.33 |
|  clk10Hz_BUFG                      | joystick_test/MOVE_Y_reg[2]_rep_52[0]                    | joystick_test/SELECTED_PIECE_reg_49[0]          |               19 |             32 |         1.68 |
|  clk10Hz_BUFG                      | joystick_test/SELECTED_PIECE_reg_17[0]                   | joystick_test/SELECTED_PIECE_reg_54[0]          |               12 |             32 |         2.67 |
|  clk10Hz_BUFG                      | joystick_test/MOVE_Y_reg[2]_rep_48[0]                    | joystick_test/TURN_reg_19[0]                    |               16 |             32 |         2.00 |
|  clk10Hz_BUFG                      | joystick_test/MOVE_Y_reg[2]_rep_49[0]                    | joystick_test/TURN_reg_43[0]                    |               20 |             32 |         1.60 |
|  clk10Hz_BUFG                      | joystick_test/MOVE_Y_reg[2]_rep_45[0]                    | joystick_test/TURN_reg_14[0]                    |               19 |             32 |         1.68 |
|  clk10Hz_BUFG                      | joystick_test/MOVE_Y_reg[2]_rep_5[0]                     | joystick_test/TURN_reg_3[0]                     |               12 |             32 |         2.67 |
|  clk10Hz_BUFG                      | joystick_test/MOVE_Y_reg[2]_rep_46[0]                    | joystick_test/SELECTED_PIECE_reg_57[0]          |               18 |             32 |         1.78 |
|  clk10Hz_BUFG                      | joystick_test/MOVE_Y_reg[2]_rep_53[0]                    | joystick_test/SELECTED_PIECE_reg_62[0]          |               16 |             32 |         2.00 |
|  clk10Hz_BUFG                      | joystick_test/MOVE_Y_reg[2]_rep_50[0]                    | joystick_test/CHOSEN_Y_reg[0]_4[0]              |               14 |             32 |         2.29 |
|  clk10Hz_BUFG                      | joystick_test/MOVE_Y_reg[2]_rep_44[0]                    | joystick_test/TURN_reg_44[0]                    |               18 |             32 |         1.78 |
|  clk10Hz_BUFG                      | joystick_test/MOVE_Y_reg[2]_rep_47[0]                    | joystick_test/SELECTED_PIECE_reg_32[0]          |               14 |             32 |         2.29 |
|  clk10Hz_BUFG                      | joystick_test/SELECTED_PIECE_reg_24[0]                   | joystick_test/SELECTED_PIECE_reg_69[0]          |               12 |             32 |         2.67 |
|  clk10Hz_BUFG                      | joystick_test/SELECTED_PIECE_reg_5[0]                    | joystick_test/TURN_reg_36[0]                    |               14 |             32 |         2.29 |
|  clk10Hz_BUFG                      | joystick_test/SELECTED_PIECE_reg_26[0]                   | joystick_test/TURN_reg_21[0]                    |               14 |             32 |         2.29 |
|  clk10Hz_BUFG                      | joystick_test/SELECTED_PIECE_reg_18[0]                   | joystick_test/MOVE_X_reg[2]_13[0]               |               12 |             32 |         2.67 |
|  clk10Hz_BUFG                      | joystick_test/SELECTED_PIECE_reg_6[0]                    | joystick_test/TURN_reg_54[0]                    |               17 |             32 |         1.88 |
|  clk10Hz_BUFG                      | joystick_test/SELECTED_PIECE_reg_8[0]                    | joystick_test/TURN_reg_47[0]                    |               17 |             32 |         1.88 |
|  clk10Hz_BUFG                      | joystick_test/SELECTED_PIECE_reg_29[0]                   | joystick_test/TURN_reg_48[0]                    |               16 |             32 |         2.00 |
|  clk10Hz_BUFG                      | joystick_test/SELECTED_PIECE_reg_7[0]                    | joystick_test/TURN_reg_37[0]                    |               15 |             32 |         2.13 |
|  clk10Hz_BUFG                      | joystick_test/SELECTED_PIECE_reg_28[0]                   | joystick_test/TURN_reg_33[0]                    |               16 |             32 |         2.00 |
|  clk10Hz_BUFG                      | joystick_test/SELECTED_PIECE_reg_9[0]                    | joystick_test/TURN_reg_40[0]                    |               19 |             32 |         1.68 |
|  clk10Hz_BUFG                      | joystick_test/SELECTED_PIECE_reg_25[0]                   | joystick_test/TURN_reg_0[0]                     |               16 |             32 |         2.00 |
|  clk10Hz_BUFG                      | joystick_test/SELECTED_PIECE_reg_20[0]                   | joystick_test/MOVE_X_reg[2]_11[0]               |               11 |             32 |         2.91 |
|  clk10Hz_BUFG                      | joystick_test/SELECTED_PIECE_reg_27[0]                   | joystick_test/CHOSEN_X_reg[2]_rep[0]            |               14 |             32 |         2.29 |
|  clk10Hz_BUFG                      | joystick_test/SELECTED_PIECE_reg_23[0]                   | joystick_test/SELECTED_PIECE_reg_40[0]          |               15 |             32 |         2.13 |
|  clk10Hz_BUFG                      | joystick_test/SELECTED_PIECE_reg_22[0]                   | joystick_test/MOVE_X_reg[2]_8[0]                |               13 |             32 |         2.46 |
|  clk10Hz_BUFG                      | joystick_test/SELECTED_PIECE_reg_3[0]                    | joystick_test/CHOSEN_Y_reg[0]_1[0]              |               15 |             32 |         2.13 |
|  clk10Hz_BUFG                      | joystick_test/SELECTED_PIECE_reg_19[0]                   | joystick_test/SELECTED_PIECE_reg_50[0]          |               14 |             32 |         2.29 |
|  clk10Hz_BUFG                      | joystick_test/SELECTED_PIECE_reg_4[0]                    | joystick_test/CHOSEN_Y_reg[2]_rep__18_1[0]      |               17 |             32 |         1.88 |
|  clk10Hz_BUFG                      | joystick_test/SELECTED_PIECE_reg_30[0]                   | joystick_test/TURN_reg_24[0]                    |               14 |             32 |         2.29 |
|  clk10Hz_BUFG                      | joystick_test/SELECTED_PIECE_reg_2[0]                    | joystick_test/CHOSEN_Y_reg[29]_0[0]             |               16 |             32 |         2.00 |
|  clk10Hz_BUFG                      | joystick_test/SELECTED_PIECE_reg_21[0]                   | joystick_test/SELECTED_PIECE_reg_43[0]          |               14 |             32 |         2.29 |
|  clk10Hz_BUFG                      | joystick_test/TURN_reg_39[0]                             | joystick_test/SELECTED_PIECE_reg_51[0]          |               16 |             32 |         2.00 |
|  clk10Hz_BUFG                      | joystick_test/TURN_reg_27[0]                             | joystick_test/SELECTED_PIECE_reg_45[0]          |               14 |             32 |         2.29 |
|  clk10Hz_BUFG                      | joystick_test/TURN_reg_28[0]                             | joystick_test/SELECTED_PIECE_reg_70[0]          |               14 |             32 |         2.29 |
|  clk10Hz_BUFG                      | joystick_test/TURN_reg_29[0]                             | joystick_test/TURN_reg_46[0]                    |               18 |             32 |         1.78 |
|  clk10Hz_BUFG                      | joystick_test/TURN_reg_26[0]                             | joystick_test/TURN_reg_41[0]                    |               14 |             32 |         2.29 |
|  clk10Hz_BUFG                      | joystick_test/TURN_reg_30[0]                             | joystick_test/TURN_reg_35[0]                    |               12 |             32 |         2.67 |
|  clk10Hz_BUFG                      | joystick_test/TURN_reg_25[0]                             | joystick_test/SELECTED_PIECE_reg_44[0]          |               23 |             32 |         1.39 |
|  clk10Hz_BUFG                      | joystick_test/TURN_reg_55[0]                             | joystick_test/MOVE_X_reg[2]_6[0]                |               19 |             32 |         1.68 |
|  clk_IBUF_BUFG                     |                                                          | comp_clk50MHz/pulse                             |                9 |             32 |         3.56 |
|  clk_IBUF_BUFG                     |                                                          | comp_clk10Hz/count[31]_i_1_n_0                  |                9 |             32 |         3.56 |
|  clk_IBUF_BUFG                     |                                                          | comp_ssd_ctrl/comp_clk100Hz/p_0_in              |                9 |             32 |         3.56 |
|  clk10Hz_BUFG                      | joystick_test/sel__0                                     |                                                 |                8 |             32 |         4.00 |
|  clk10Hz_BUFG                      | joystick_test/MOVE_Y_reg[0]_14[0]                        | joystick_test/TURN_reg_1[0]                     |               11 |             32 |         2.91 |
|  clk10Hz_BUFG                      | joystick_test/MOVE_Y_reg[0]_15[0]                        | joystick_test/SELECTED_PIECE_reg_61[0]          |               21 |             32 |         1.52 |
|  clk10Hz_BUFG                      | joystick_test/MOVE_Y_reg[0][0]                           | joystick_test/CHOSEN_Y_reg[0]_2[0]              |               15 |             32 |         2.13 |
|  clk10Hz_BUFG                      | joystick_test/MOVE_Y_reg[0]_11[0]                        | joystick_test/SELECTED_PIECE_reg_37[0]          |               12 |             32 |         2.67 |
|  clk10Hz_BUFG                      | joystick_test/MOVE_Y_reg[0]_0[0]                         | joystick_test/CHOSEN_Y_reg[0]_5[0]              |               19 |             32 |         1.68 |
|  clk10Hz_BUFG                      | joystick_test/MOVE_Y_reg[0]_16[0]                        | joystick_test/MOVE_X_reg[2]_15[0]               |               15 |             32 |         2.13 |
|  clk10Hz_BUFG                      | joystick_test/MOVE_Y_reg[0]_10[0]                        | joystick_test/SELECTED_PIECE_reg_68[0]          |               15 |             32 |         2.13 |
|  clk50MHz_BUFG                     |                                                          | vga_display/hcount[31]_i_1_n_0                  |                9 |             32 |         3.56 |
|  clk50MHz_BUFG                     | vga_display/vcount[31]_i_2_n_0                           | vga_display/vcount[31]_i_1_n_0                  |                9 |             32 |         3.56 |
|  clk10Hz_BUFG                      | joystick_test/y_position_reg[7]_8                        |                                                 |               12 |             39 |         3.25 |
|  clk10Hz_BUFG                      | joystick_test/CHOSEN_X                                   | joystick_test/TURN_reg                          |               64 |            133 |         2.08 |
+------------------------------------+----------------------------------------------------------+-------------------------------------------------+------------------+----------------+--------------+


